
**** 05/17/26 16:45:43 ******* PSpice Lite (March 2016) ******* ID# 10813 ****

 ** Profile: "beta_min-SIM-IDEAL"  [ C:\ESCRITORIO LAPTOP\6 Semestre\DIODOS Y TRANSISTORES\TRANSISTOR IDEAL\TRANSISTOR-PSpiceFiles\BE


 ****     CIRCUIT DESCRIPTION


******************************************************************************




** Creating circuit file "sim-ideal.cir" 
** WARNING: THIS AUTOMATICALLY GENERATED FILE MAY BE OVERWRITTEN BY SUBSEQUENT SIMULATIONS

*Libraries: 
* Profile Libraries :
* Local Libraries :
.LIB "../../../transistor-pspicefiles/transistor_bc548b_min.lib" 
* From [PSPICE NETLIST] section of C:\Users\jesus\AppData\Roaming\SPB_Data\cdssetup\OrCAD_PSpice\17.2.0\PSpice.ini file:
.lib "nomd.lib" 

*Analysis directives: 
.DC LIN V_V1 0 15 0.01 
.OPTIONS ADVCONV
.PROBE64 V(*) I(*) W(*) D(alias(*)) NOISE(alias(*)) 
.INC "..\beta_min.net" 



**** INCLUDING beta_min.net ****
* source TRANSISTOR
Q_Q1         N14400 N15426 N14419 BC548B_200 
R_Rc         N14400 N14429  120 TC=0,0 
R_Re         0 N14419  29.85 TC=0,0 
V_V1         N14429 0 15Vdc
R_R1         N15426 N14429  4654.5 TC=0,0 
R_R2         0 N15426  880 TC=0,0 

**** RESUMING sim-ideal.cir ****
.END

**** 05/17/26 16:45:43 ******* PSpice Lite (March 2016) ******* ID# 10813 ****

 ** Profile: "beta_min-SIM-IDEAL"  [ C:\ESCRITORIO LAPTOP\6 Semestre\DIODOS Y TRANSISTORES\TRANSISTOR IDEAL\TRANSISTOR-PSpiceFiles\BE


 ****     BJT MODEL PARAMETERS


******************************************************************************




               BC548B_200      
               NPN             
       LEVEL    1            
          IS    7.049000E-15 
          BF  200            
          NF    1            
         VAF   62.79         
         IKF     .08157      
         ISE   68.000000E-15 
          NE    1.576        
          BR    1            
          NR    1            
         IKR    3.924        
         ISC   12.400000E-15 
          NC    1.835        
          NK     .4767       
         ISS    0            
          RE    0            
          RC     .9747       
         CJE   11.500000E-12 
         VJE     .5          
         MJE     .6715       
         CJC    5.250000E-12 
         VJC     .5697       
         MJC     .3147       
        XCJC    1            
         CJS    0            
         VJS     .75         
          TF  410.200000E-12 
         XTF   40.06         
         VTF   10            
         ITF    1.491        
          TR   10.000000E-09 
         XTB    1.5          
          KF    0            
          AF    1            
          CN    2.42         
           D     .87         



          JOB CONCLUDED

**** 05/17/26 16:45:43 ******* PSpice Lite (March 2016) ******* ID# 10813 ****

 ** Profile: "beta_min-SIM-IDEAL"  [ C:\ESCRITORIO LAPTOP\6 Semestre\DIODOS Y TRANSISTORES\TRANSISTOR IDEAL\TRANSISTOR-PSpiceFiles\BE


 ****     JOB STATISTICS SUMMARY


******************************************************************************



  Total job time (using Solver 1)   =         .06
