
**** 05/16/26 14:48:43 ******* PSpice Lite (March 2016) ******* ID# 10813 ****

 ** Profile: "SCHEMATIC1-SIM-IDEAL"  [ G:\6TO SEMESTRE\DIODOS Y TRANSISTORES\TRANSISTOR-PSpiceFiles\SCHEMATIC1\SIM-IDEAL.sim ] 


 ****     CIRCUIT DESCRIPTION


******************************************************************************




** Creating circuit file "SIM-IDEAL.cir" 
** WARNING: THIS AUTOMATICALLY GENERATED FILE MAY BE OVERWRITTEN BY SUBSEQUENT SIMULATIONS

*Libraries: 
* Profile Libraries :
* Local Libraries :
.LIB "../../../transistor-pspicefiles/transistor_bc548b.lib" 
* From [PSPICE NETLIST] section of C:\Users\jesus\AppData\Roaming\SPB_Data\cdssetup\OrCAD_PSpice\17.2.0\PSpice.ini file:
.lib "nomd.lib" 

*Analysis directives: 
.OPTIONS ADVCONV
.PROBE64 V(alias(*)) I(alias(*)) W(alias(*)) D(alias(*)) NOISE(alias(*)) 
.INC "..\SCHEMATIC1.net" 



**** INCLUDING SCHEMATIC1.net ****
* source TRANSISTOR
Q_Q1         N14400 N14404 N14419 BC548B_Mod 
R_R1         N14404 N14423  4654.5 TC=0,0 
R_R2         0 N14404  880 TC=0,0 
R_Rc         N14400 N14423  120 TC=0,0 
R_Re         0 N14419  29.85 TC=0,0 
V_V1         N14423 0 15Vdc

**** RESUMING SIM-IDEAL.cir ****
.END

**** 05/16/26 14:48:43 ******* PSpice Lite (March 2016) ******* ID# 10813 ****

 ** Profile: "SCHEMATIC1-SIM-IDEAL"  [ G:\6TO SEMESTRE\DIODOS Y TRANSISTORES\TRANSISTOR-PSpiceFiles\SCHEMATIC1\SIM-IDEAL.sim ] 


 ****     BJT MODEL PARAMETERS


******************************************************************************




               BC548B_Mod      
               NPN             
       LEVEL    1            
          IS    7.049000E-15 
          BF  200            
          NF    1            
         VAF   62.79         
         IKF     .08157      
         ISE   68.000000E-15 
          NE    1.576        
          BR    1            
          NR    1            
         IKR    3.924        
         ISC   12.400000E-15 
          NC    1.835        
          NK     .4767       
         ISS    0            
          RE    0            
          RC     .9747       
         CJE   11.500000E-12 
         VJE     .5          
         MJE     .6715       
         CJC    5.250000E-12 
         VJC     .5697       
         MJC     .3147       
        XCJC    1            
         CJS    0            
         VJS     .75         
          TF  410.200000E-12 
         XTF   40.06         
         VTF   10            
         ITF    1.491        
          TR   10.000000E-09 
         XTB    1.5          
          KF    0            
          AF    1            
          CN    2.42         
           D     .87         


**** 05/16/26 14:48:43 ******* PSpice Lite (March 2016) ******* ID# 10813 ****

 ** Profile: "SCHEMATIC1-SIM-IDEAL"  [ G:\6TO SEMESTRE\DIODOS Y TRANSISTORES\TRANSISTOR-PSpiceFiles\SCHEMATIC1\SIM-IDEAL.sim ] 


 ****     SMALL SIGNAL BIAS SOLUTION       TEMPERATURE =   27.000 DEG C


******************************************************************************



 NODE   VOLTAGE     NODE   VOLTAGE     NODE   VOLTAGE     NODE   VOLTAGE


(N14400)    9.4764 (N14404)    2.1535 (N14419)    1.3833 (N14423)   15.0000 




    VOLTAGE SOURCE CURRENTS
    NAME         CURRENT

    V_V1        -4.879E-02

    TOTAL POWER DISSIPATION   7.32E-01  WATTS



          JOB CONCLUDED

**** 05/16/26 14:48:43 ******* PSpice Lite (March 2016) ******* ID# 10813 ****

 ** Profile: "SCHEMATIC1-SIM-IDEAL"  [ G:\6TO SEMESTRE\DIODOS Y TRANSISTORES\TRANSISTOR-PSpiceFiles\SCHEMATIC1\SIM-IDEAL.sim ] 


 ****     JOB STATISTICS SUMMARY


******************************************************************************



  Total job time (using Solver 1)   =        0.00
